
> 1rm-log@0.1.0 build
> next build --webpack

npm : ÔÜá Warning: Next.js inferred your workspace root, but it may 
not be correct.
In riga:1 car:1
+ npm run build > build_output.txt 2>&1
+ ~~~~~~~~~~~~~~~~~~~~~~~~~~~~~~~~~~~~~
    + CategoryInfo          : NotSpecified: (ÔÜá Warning: Ne...not be 
    correct.:String) [], RemoteException
    + FullyQualifiedErrorId : NativeCommandError
 
 We detected multiple lockfiles and selected the directory of 
C:\Users\gabri\package-lock.json as the root directory.
 To silence this warning, set `outputFileTracingRoot` in your Next.js 
config, or consider removing one of the lockfiles if it's not needed.
   See https://nextjs.org/docs/app/api-reference/config/next-config-js
/output#caveats for more information.
 Detected additional lockfiles: 
   * C:\Users\gabri\APP\logbook definitivo\package-lock.json

Ôû▓ Next.js 16.1.6 (webpack)
- Environments: .env.local

  Creating an optimized production build ...
 Ô£ô (pwa) Compiling for server...
 Ô£ô (pwa) Compiling for server...
 Ô£ô (pwa) Compiling for client (static)...
 Ôùï (pwa) Service worker: C:\Users\gabri\APP\logbook definitivo\public\sw.js
 Ôùï (pwa)   URL: /sw.js
 Ôùï (pwa)   Scope: /
Ô£ô Compiled successfully in 16.7s
  Running TypeScript ...
Failed to compile.

./components/theme-provider.tsx:6:41
Type error: Cannot find module 'next-themes/dist/types' or its 
corresponding type declarations.

[0m [90m 4 |[39m [36mimport[39m [33m*[39m [36mas[39m 
[33mReact[39m [36mfrom[39m [32m"react"[39m
 [90m 5 |[39m [36mimport[39m { [33mThemeProvider[39m 
[36mas[39m [33mNextThemesProvider[39m } [36mfrom[39m 
[32m"next-themes"[39m
[31m[1m>[22m[39m[90m 6 |[39m [36mimport[39m { type 
[33mThemeProviderProps[39m } [36mfrom[39m 
[32m"next-themes/dist/types"[39m
 [90m   |[39m                                         
[31m[1m^[22m[39m
 [90m 7 |[39m
 [90m 8 |[39m [36mexport[39m [36mfunction[39m 
[33mThemeProvider[39m({ children[33m,[39m [33m...[39mprops 
}[33m:[39m [33mThemeProviderProps[39m) {
 [90m 9 |[39m     [36mreturn[39m 
[33m<[39m[33mNextThemesProvider[39m {[33m...[39mprops}[33m>[39
m{children}[33m<[39m[33m/[39m[33mNextThemesProvider[39m[33m>[3
9m[0m
Next.js build worker exited with code: 1 and signal: null
